2025-01-04 00:56:24,498 - INFO - Logging setup complete. Log file: logs\phishing_detection_20250104_005624.log
2025-01-04 00:56:24,499 - INFO - Starting phishing URL detection model training...
2025-01-04 00:56:24,499 - INFO - Loading and processing datasets...
2025-01-04 00:56:24,778 - INFO - Processing 10 phishing and 10 legitimate URLs
2025-01-04 00:56:25,505 - WARNING - No creation date found for hjsuhdmj83749oslkfmjduhba78394ijshdyena89d04nm1.pages.dev
2025-01-04 00:56:25,506 - WARNING - No expiration date found for hjsuhdmj83749oslkfmjduhba78394ijshdyena89d04nm1.pages.dev
2025-01-04 00:56:25,552 - WARNING - No creation date found for qrco.de
2025-01-04 00:56:25,554 - WARNING - No expiration date found for qrco.de
2025-01-04 00:56:25,754 - ERROR - SSL Error for pub-332e25ac40fe42d5af737ce9b83b83d2.r2.dev: [SSL: CERTIFICATE_VERIFY_FAILED] certificate verify failed: unable to get local issuer certificate (_ssl.c:1000)
2025-01-04 00:56:26,123 - ERROR - WHOIS lookup failed for att-104083-102145.weeblysite.com: [WinError 10054] An existing connection was forcibly closed by the remote host
2025-01-04 00:56:27,235 - ERROR - SSL Error for mecode.stream: [SSL: CERTIFICATE_VERIFY_FAILED] certificate verify failed: Hostname mismatch, certificate is not valid for 'mecode.stream'. (_ssl.c:1000)
2025-01-04 00:56:28,725 - INFO - Processed 10/10 URLs
2025-01-04 00:56:28,768 - ERROR - Failed to resolve crowdflower.com using socket: [Errno 11001] getaddrinfo failed
2025-01-04 00:56:29,768 - WARNING - No creation date found for decemsys.de
2025-01-04 00:56:29,768 - WARNING - No expiration date found for decemsys.de
2025-01-04 00:56:29,768 - WARNING - No HTTPS for decemsys.de
2025-01-04 00:56:29,813 - ERROR - WHOIS lookup failed for yc1000.net: [WinError 10054] An existing connection was forcibly closed by the remote host
2025-01-04 00:56:29,813 - WARNING - No HTTPS for yc1000.net
2025-01-04 00:56:29,818 - ERROR - WHOIS lookup failed for crowdflower.com: [WinError 10054] An existing connection was forcibly closed by the remote host
2025-01-04 00:56:29,818 - WARNING - No HTTPS for crowdflower.com
2025-01-04 00:56:30,266 - WARNING - No HTTPS for nassjo.se
2025-01-04 00:56:30,702 - WARNING - No HTTPS for pokerschoolonline.com
2025-01-04 00:56:30,768 - WARNING - No HTTPS for slots.com
2025-01-04 00:56:31,069 - WARNING - No HTTPS for yllas.fi
2025-01-04 00:56:31,233 - WARNING - No HTTPS for devpia.com
2025-01-04 00:56:41,123 - ERROR - Error trying to connect to socket: closing socket - [Errno 11001] getaddrinfo failed
2025-01-04 00:56:41,124 - WARNING - No creation date found for piticu.ro
2025-01-04 00:56:41,125 - WARNING - No expiration date found for piticu.ro
2025-01-04 00:56:41,125 - WARNING - No HTTPS for piticu.ro
2025-01-04 00:56:42,182 - WARNING - No HTTPS for neilgaiman.com
2025-01-04 00:56:42,183 - INFO - Processed 10/10 URLs
2025-01-04 00:56:42,195 - INFO - Removed 6 constant features
2025-01-04 00:56:42,199 - INFO - Removed 4 highly correlated features
2025-01-04 00:56:42,202 - INFO - Scaled 12 numerical features using RobustScaler
2025-01-04 00:56:42,204 - INFO - Final dataset shape: (40, 16)
2025-01-04 00:56:42,204 - INFO - 
Splitting data into train, validation, and test sets...
2025-01-04 00:56:42,206 - INFO - Data split sizes and class distribution:
2025-01-04 00:56:42,207 - INFO - Total dataset size: 40 samples
2025-01-04 00:56:42,207 - INFO - Training set: 24 samples (60.0%)
2025-01-04 00:56:42,207 - INFO -   - Class distribution: [12 12]
2025-01-04 00:56:42,207 - INFO - Validation set: 8 samples (20.0%)
2025-01-04 00:56:42,209 - INFO -   - Class distribution: [4 4]
2025-01-04 00:56:42,209 - INFO - Test set: 8 samples (20.0%)
2025-01-04 00:56:42,209 - INFO -   - Class distribution: [4 4]
2025-01-04 00:56:42,209 - INFO - Starting hyperparameter tuning for Random Forest...
2025-01-04 00:56:42,210 - INFO - Fitting GridSearchCV...
2025-01-04 00:56:44,799 - INFO - 
Best parameters found:
2025-01-04 00:56:44,799 - INFO - {'ccp_alpha': 0.0, 'class_weight': 'balanced', 'max_depth': None, 'max_features': 'sqrt', 'max_samples': 0.8, 'min_samples_leaf': 1, 'min_samples_split': 2, 'n_estimators': 20}
2025-01-04 00:56:44,799 - INFO - 
Best cross-validation scores:
2025-01-04 00:56:44,800 - INFO - accuracy: 1.0000
2025-01-04 00:56:44,800 - INFO - precision: 1.0000
2025-01-04 00:56:44,801 - INFO - recall: 1.0000
2025-01-04 00:56:44,802 - INFO - f1: 1.0000
2025-01-04 00:56:44,802 - INFO - roc_auc: 1.0000
2025-01-04 00:56:44,818 - INFO - 
Generating learning curve plot...
2025-01-04 00:56:45,460 - INFO - 
Evaluating on validation set:
2025-01-04 00:56:45,493 - INFO - 
Validation Set Performance:
2025-01-04 00:56:45,496 - INFO -               precision    recall  f1-score   support

           0       1.00      1.00      1.00         4
           1       1.00      1.00      1.00         4

    accuracy                           1.00         8
   macro avg       1.00      1.00      1.00         8
weighted avg       1.00      1.00      1.00         8

2025-01-04 00:56:45,498 - INFO - 
Detailed Validation Set Metrics:
2025-01-04 00:56:45,499 - INFO - Brier Score: 0.0006
2025-01-04 00:56:45,501 - INFO - Log Loss: 0.0128
2025-01-04 00:56:46,113 - INFO - 
Evaluating on test set:
2025-01-04 00:56:46,144 - INFO - 
Test Set Performance:
2025-01-04 00:56:46,150 - INFO -               precision    recall  f1-score   support

           0       1.00      1.00      1.00         4
           1       1.00      1.00      1.00         4

    accuracy                           1.00         8
   macro avg       1.00      1.00      1.00         8
weighted avg       1.00      1.00      1.00         8

2025-01-04 00:56:46,151 - INFO - 
Detailed Test Set Metrics:
2025-01-04 00:56:46,152 - INFO - Brier Score: 0.0147
2025-01-04 00:56:46,154 - INFO - Log Loss: 0.0898
2025-01-04 00:56:46,154 - INFO - 
Generating evaluation plots...
2025-01-04 00:56:46,778 - INFO - 
Feature Importance:
2025-01-04 00:56:46,778 - INFO -                     feature  importance
4                  is_https    0.196023
1             domain_length    0.185368
6             has_mx_record    0.172288
13           ssl_days_valid    0.121016
14             ssl_is_valid    0.099565
7            num_mx_records    0.089656
0                url_length    0.060440
3   has_multiple_subdomains    0.059896
11       days_to_expiration    0.014994
9           domain_age_days    0.000754
2                  has_dash    0.000000
5              has_a_record    0.000000
8            num_ns_records    0.000000
10          is_domain_young    0.000000
12         is_expiring_soon    0.000000
2025-01-04 00:56:47,316 - INFO - 
Model saved to: models\phishing_detector_20250104_005647.joblib
2025-01-04 00:56:47,316 - INFO - Feature names saved to: models\feature_names_20250104_005647.joblib
