2025-01-03 23:57:25,841 - INFO - Logging setup complete. Log file: logs\phishing_detection_20250103_235725.log
2025-01-03 23:57:25,843 - INFO - Starting phishing URL detection model training...
2025-01-03 23:57:25,844 - INFO - Loading datasets...
2025-01-03 23:57:26,137 - INFO - Total phishing URLs available: 68227
2025-01-03 23:57:26,138 - INFO - Total legitimate URLs available: 31085
2025-01-03 23:57:26,148 - INFO - 
Using 100 URLs from each category for testing
2025-01-03 23:57:26,149 - INFO - 
Extracting features from URLs...
2025-01-03 23:57:39,070 - ERROR - Error trying to connect to socket: closing socket - [WinError 10060] A connection attempt failed because the connected party did not properly respond after a period of time, or established connection failed because connected host has failed to respond
2025-01-03 23:57:41,036 - ERROR - Error trying to connect to socket: closing socket - [WinError 10060] A connection attempt failed because the connected party did not properly respond after a period of time, or established connection failed because connected host has failed to respond
2025-01-03 23:58:19,588 - ERROR - Error trying to connect to socket: closing socket - [WinError 10054] An existing connection was forcibly closed by the remote host
2025-01-03 23:58:19,588 - ERROR - Error trying to connect to socket: closing socket - [WinError 10054] An existing connection was forcibly closed by the remote host
2025-01-03 23:58:33,016 - INFO - Processed 100/100 URLs
2025-01-03 23:58:33,040 - INFO - Processed 100/100 URLs
2025-01-03 23:58:33,041 - INFO - Processed 200 phishing URLs
2025-01-03 23:58:33,041 - INFO - Processed 200 legitimate URLs
2025-01-03 23:58:33,043 - INFO - 
Feature statistics:
2025-01-03 23:58:33,048 - INFO -         url_length  domain_length      has_ip    domain_age  has_dns_record       label
count   400.000000     400.000000  400.000000    400.000000      400.000000  400.000000
mean     41.725000      10.625000    0.005000   1242.300000        0.495000    0.500000
std     154.395642      13.343143    0.070622   2709.957251        0.500601    0.500626
min       6.000000       0.000000    0.000000     -1.000000        0.000000    0.000000
25%      14.000000       0.000000    0.000000     -1.000000        0.000000    0.000000
50%      22.000000       2.000000    0.000000     -1.000000        0.000000    0.500000
75%      35.000000      18.250000    0.000000    124.000000        1.000000    1.000000
max    2165.000000      57.000000    1.000000  13927.000000        1.000000    1.000000
2025-01-03 23:58:33,066 - INFO - 
Label distribution:
2025-01-03 23:58:33,068 - INFO - label
1    0.5
0    0.5
Name: proportion, dtype: float64
2025-01-03 23:58:33,071 - INFO - 
Splitting data into train, validation, and test sets...
2025-01-03 23:58:38,090 - INFO - Best parameters found: {'max_depth': 10, 'min_samples_leaf': 1, 'min_samples_split': 2, 'n_estimators': 100}
2025-01-03 23:58:38,090 - INFO - Best cross-validation score: 1.000000
2025-01-03 23:58:38,091 - INFO - 
Generating learning curve plot...
2025-01-03 23:58:39,273 - INFO - 
Evaluating on validation set:
2025-01-03 23:58:39,304 - INFO - 
Validation Set Performance:
2025-01-03 23:58:39,307 - INFO -               precision    recall  f1-score   support

           0       1.00      1.00      1.00        31
           1       1.00      1.00      1.00        30

    accuracy                           1.00        61
   macro avg       1.00      1.00      1.00        61
weighted avg       1.00      1.00      1.00        61

2025-01-03 23:58:39,308 - INFO - 
Detailed Validation Set Metrics:
2025-01-03 23:58:39,309 - INFO - Brier Score: 0.0004
2025-01-03 23:58:39,309 - INFO - Log Loss: 0.0032
2025-01-03 23:58:39,826 - INFO - 
Evaluating on test set:
2025-01-03 23:58:39,858 - INFO - 
Test Set Performance:
2025-01-03 23:58:39,862 - INFO -               precision    recall  f1-score   support

           0       1.00      1.00      1.00        60
           1       1.00      1.00      1.00        60

    accuracy                           1.00       120
   macro avg       1.00      1.00      1.00       120
weighted avg       1.00      1.00      1.00       120

2025-01-03 23:58:39,863 - INFO - 
Detailed Test Set Metrics:
2025-01-03 23:58:39,864 - INFO - Brier Score: 0.0001
2025-01-03 23:58:39,865 - INFO - Log Loss: 0.0020
2025-01-03 23:58:39,865 - INFO - 
Generating evaluation plots...
2025-01-03 23:58:40,402 - INFO - 
Feature Importance:
2025-01-03 23:58:40,403 - INFO -                    feature    importance
1            domain_length  2.937221e-01
9           has_dns_record  2.588136e-01
7                 is_https  2.178511e-01
0               url_length  1.255068e-01
6  has_multiple_subdomains  6.835902e-02
8               domain_age  3.232982e-02
5                 has_dash  3.291373e-03
2                   has_ip  1.261987e-04
3            has_at_symbol  2.029723e-16
4         has_double_slash  0.000000e+00
2025-01-03 23:58:40,714 - INFO - 
Model saved to: models\phishing_detector_20250103_235840.joblib
2025-01-03 23:58:40,715 - INFO - Feature names saved to: models\feature_names_20250103_235840.joblib
