2025-01-03 23:45:11,150 - INFO - Logging setup complete. Log file: logs\phishing_detection_20250103_234511.log
2025-01-03 23:45:11,150 - INFO - Starting phishing URL detection model training...
2025-01-03 23:45:11,151 - INFO - Loading datasets...
2025-01-03 23:45:11,441 - INFO - Total phishing URLs available: 68227
2025-01-03 23:45:11,441 - INFO - Total legitimate URLs available: 31085
2025-01-03 23:45:11,450 - INFO - 
Using 100 URLs from each category for testing
2025-01-03 23:45:11,451 - INFO - 
Extracting features from URLs...
2025-01-03 23:45:18,256 - ERROR - Error trying to connect to socket: closing socket - [WinError 10061] No connection could be made because the target machine actively refused it
2025-01-03 23:45:20,010 - ERROR - Error trying to connect to socket: closing socket - [WinError 10061] No connection could be made because the target machine actively refused it
2025-01-03 23:46:18,705 - INFO - Processed 100/100 URLs
2025-01-03 23:46:18,731 - INFO - Processed 100/100 URLs
2025-01-03 23:46:18,733 - INFO - Processed 200 phishing URLs
2025-01-03 23:46:18,733 - INFO - Processed 200 legitimate URLs
2025-01-03 23:46:18,734 - INFO - 
Feature statistics:
2025-01-03 23:46:18,742 - INFO -         url_length  domain_length      has_ip    domain_age  has_dns_record       label
count   400.000000     400.000000  400.000000    400.000000      400.000000  400.000000
mean     41.725000      10.625000    0.005000   1038.000000        0.495000    0.500000
std     154.395642      13.343143    0.070622   2343.966961        0.500601    0.500626
min       6.000000       0.000000    0.000000     -1.000000        0.000000    0.000000
25%      14.000000       0.000000    0.000000     -1.000000        0.000000    0.000000
50%      22.000000       2.000000    0.000000     -1.000000        0.000000    0.500000
75%      35.000000      18.250000    0.000000    103.750000        1.000000    1.000000
max    2165.000000      57.000000    1.000000  13927.000000        1.000000    1.000000
2025-01-03 23:46:18,753 - INFO - 
Label distribution:
2025-01-03 23:46:18,754 - INFO - label
1    0.5
0    0.5
Name: proportion, dtype: float64
2025-01-03 23:46:18,757 - INFO - 
Splitting data into train, validation, and test sets...
2025-01-03 23:46:23,930 - INFO - Best parameters found: {'max_depth': 10, 'min_samples_leaf': 1, 'min_samples_split': 2, 'n_estimators': 100}
2025-01-03 23:46:23,930 - INFO - Best cross-validation score: 1.000000
2025-01-03 23:46:23,931 - INFO - 
Generating learning curve plot...
2025-01-03 23:46:25,011 - INFO - 
Evaluating on validation set:
2025-01-03 23:46:25,044 - INFO - 
Validation Set Performance:
2025-01-03 23:46:25,047 - INFO -               precision    recall  f1-score   support

           0       1.00      1.00      1.00        31
           1       1.00      1.00      1.00        30

    accuracy                           1.00        61
   macro avg       1.00      1.00      1.00        61
weighted avg       1.00      1.00      1.00        61

2025-01-03 23:46:25,048 - INFO - 
Detailed Validation Set Metrics:
2025-01-03 23:46:25,048 - INFO - Brier Score: 0.0003
2025-01-03 23:46:25,049 - INFO - Log Loss: 0.0039
2025-01-03 23:46:25,612 - INFO - 
Evaluating on test set:
2025-01-03 23:46:25,642 - INFO - 
Test Set Performance:
2025-01-03 23:46:25,646 - INFO -               precision    recall  f1-score   support

           0       1.00      1.00      1.00        60
           1       1.00      1.00      1.00        60

    accuracy                           1.00       120
   macro avg       1.00      1.00      1.00       120
weighted avg       1.00      1.00      1.00       120

2025-01-03 23:46:25,646 - INFO - 
Detailed Test Set Metrics:
2025-01-03 23:46:25,647 - INFO - Brier Score: 0.0020
2025-01-03 23:46:25,650 - INFO - Log Loss: 0.0097
2025-01-03 23:46:25,650 - INFO - 
Generating evaluation plots...
2025-01-03 23:46:26,212 - INFO - 
Feature Importance:
2025-01-03 23:46:26,213 - INFO -                    feature    importance
9           has_dns_record  3.141909e-01
1            domain_length  2.417346e-01
7                 is_https  2.264442e-01
0               url_length  1.191369e-01
6  has_multiple_subdomains  6.984054e-02
8               domain_age  2.481872e-02
5                 has_dash  3.535583e-03
2                   has_ip  2.985372e-04
3            has_at_symbol  2.737489e-16
4         has_double_slash  0.000000e+00
2025-01-03 23:46:26,488 - INFO - 
Model saved to: models\phishing_detector_20250103_234626.joblib
2025-01-03 23:46:26,488 - INFO - Feature names saved to: models\feature_names_20250103_234626.joblib
