2025-01-03 22:18:41,855 - INFO - Logging setup complete. Log file: logs\phishing_detection_20250103_221841.log
2025-01-03 22:18:41,855 - INFO - Starting phishing URL detection model training...
2025-01-03 22:18:41,856 - INFO - Loading datasets...
2025-01-03 22:18:42,210 - INFO - Total phishing URLs available: 68227
2025-01-03 22:18:42,210 - INFO - Total legitimate URLs available: 31085
2025-01-03 22:18:42,220 - INFO - 
Using 10 URLs from each category for testing
2025-01-03 22:18:42,220 - INFO - 
Extracting features from URLs...
2025-01-03 22:19:02,966 - INFO - Processed 10 phishing URLs
2025-01-03 22:19:31,426 - ERROR - Error trying to connect to socket: closing socket - [Errno 11001] getaddrinfo failed
2025-01-03 22:19:53,265 - INFO - Processed 10 legitimate URLs
2025-01-03 22:19:53,267 - INFO - 
Feature statistics:
2025-01-03 22:19:53,288 - INFO -        url_length  domain_length  path_length  special_chars_count  digits_count  has_at_symbol  is_ip_address  ...  has_registrar  has_registrant  ssl_days_valid  ssl_is_valid  ssl_is_expired  ssl_is_self_signed      label
count   20.000000      20.000000     20.00000            20.000000     20.000000           20.0           20.0  ...      20.000000            20.0       20.000000     20.000000       20.000000           20.000000  20.000000
mean    34.700000      12.000000     16.50000             4.400000      3.750000            0.0            0.0  ...       0.800000             0.0       46.800000      0.500000        0.500000            0.500000   0.500000
std     43.865944      16.920868     27.53849             4.615762      6.804604            0.0            0.0  ...       0.410391             0.0       78.977412      0.512989        0.512989            0.512989   0.512989
min      8.000000       0.000000      1.00000             1.000000      0.000000            0.0            0.0  ...       0.000000             0.0       -1.000000      0.000000        0.000000            0.000000   0.000000
25%     10.000000       0.000000      4.75000             1.000000      0.000000            0.0            0.0  ...       1.000000             0.0       -1.000000      0.000000        0.000000            0.000000   0.000000
50%     20.500000       3.500000      9.00000             3.000000      0.000000            0.0            0.0  ...       1.000000             0.0        7.500000      0.500000        0.500000            0.500000   0.500000
75%     29.750000      15.500000     11.75000             6.000000      3.250000            0.0            0.0  ...       1.000000             0.0       55.250000      1.000000        1.000000            1.000000   1.000000
max    175.000000      57.000000    108.00000            20.000000     21.000000            0.0            0.0  ...       1.000000             0.0      257.000000      1.000000        1.000000            1.000000   1.000000

[8 rows x 36 columns]
2025-01-03 22:19:53,343 - INFO - 
Label distribution:
2025-01-03 22:19:53,344 - INFO - label
1    0.5
0    0.5
Name: proportion, dtype: float64
2025-01-03 22:19:53,346 - INFO - 
Splitting data into train, validation, and test sets...
2025-01-03 22:19:53,348 - INFO - 
Data split sizes:
2025-01-03 22:19:53,349 - INFO - Training set: 14 samples
2025-01-03 22:19:53,349 - INFO - Validation set: 3 samples
2025-01-03 22:19:53,349 - INFO - Test set: 3 samples
2025-01-03 22:19:53,350 - INFO - 
Starting Random Forest hyperparameter tuning with enhanced cross-validation...
2025-01-03 22:20:31,892 - INFO - 
Cross-validation results:
2025-01-03 22:20:31,893 - INFO - F1: 1.000 (+/-0.000) for {'max_depth': 5, 'max_features': 'sqrt', 'min_samples_leaf': 1, 'min_samples_split': 2, 'n_estimators': 100}
2025-01-03 22:20:31,893 - INFO - F1: 1.000 (+/-0.000) for {'max_depth': 5, 'max_features': 'sqrt', 'min_samples_leaf': 1, 'min_samples_split': 2, 'n_estimators': 200}
2025-01-03 22:20:31,893 - INFO - F1: 1.000 (+/-0.000) for {'max_depth': 5, 'max_features': 'sqrt', 'min_samples_leaf': 1, 'min_samples_split': 2, 'n_estimators': 300}
2025-01-03 22:20:31,894 - INFO - F1: 1.000 (+/-0.000) for {'max_depth': 5, 'max_features': 'sqrt', 'min_samples_leaf': 1, 'min_samples_split': 5, 'n_estimators': 100}
2025-01-03 22:20:31,894 - INFO - F1: 1.000 (+/-0.000) for {'max_depth': 5, 'max_features': 'sqrt', 'min_samples_leaf': 1, 'min_samples_split': 5, 'n_estimators': 200}
2025-01-03 22:20:31,894 - INFO - F1: 1.000 (+/-0.000) for {'max_depth': 5, 'max_features': 'sqrt', 'min_samples_leaf': 1, 'min_samples_split': 5, 'n_estimators': 300}
2025-01-03 22:20:31,894 - INFO - F1: 0.620 (+/-0.697) for {'max_depth': 5, 'max_features': 'sqrt', 'min_samples_leaf': 1, 'min_samples_split': 10, 'n_estimators': 100}
2025-01-03 22:20:31,895 - INFO - F1: 0.820 (+/-0.367) for {'max_depth': 5, 'max_features': 'sqrt', 'min_samples_leaf': 1, 'min_samples_split': 10, 'n_estimators': 200}
2025-01-03 22:20:31,895 - INFO - F1: 0.900 (+/-0.400) for {'max_depth': 5, 'max_features': 'sqrt', 'min_samples_leaf': 1, 'min_samples_split': 10, 'n_estimators': 300}
2025-01-03 22:20:31,895 - INFO - F1: 1.000 (+/-0.000) for {'max_depth': 5, 'max_features': 'sqrt', 'min_samples_leaf': 2, 'min_samples_split': 2, 'n_estimators': 100}
2025-01-03 22:20:31,895 - INFO - F1: 1.000 (+/-0.000) for {'max_depth': 5, 'max_features': 'sqrt', 'min_samples_leaf': 2, 'min_samples_split': 2, 'n_estimators': 200}
2025-01-03 22:20:31,896 - INFO - F1: 1.000 (+/-0.000) for {'max_depth': 5, 'max_features': 'sqrt', 'min_samples_leaf': 2, 'min_samples_split': 2, 'n_estimators': 300}
2025-01-03 22:20:31,896 - INFO - F1: 1.000 (+/-0.000) for {'max_depth': 5, 'max_features': 'sqrt', 'min_samples_leaf': 2, 'min_samples_split': 5, 'n_estimators': 100}
2025-01-03 22:20:31,896 - INFO - F1: 1.000 (+/-0.000) for {'max_depth': 5, 'max_features': 'sqrt', 'min_samples_leaf': 2, 'min_samples_split': 5, 'n_estimators': 200}
2025-01-03 22:20:31,897 - INFO - F1: 1.000 (+/-0.000) for {'max_depth': 5, 'max_features': 'sqrt', 'min_samples_leaf': 2, 'min_samples_split': 5, 'n_estimators': 300}
2025-01-03 22:20:31,897 - INFO - F1: 0.620 (+/-0.697) for {'max_depth': 5, 'max_features': 'sqrt', 'min_samples_leaf': 2, 'min_samples_split': 10, 'n_estimators': 100}
2025-01-03 22:20:31,897 - INFO - F1: 0.820 (+/-0.367) for {'max_depth': 5, 'max_features': 'sqrt', 'min_samples_leaf': 2, 'min_samples_split': 10, 'n_estimators': 200}
2025-01-03 22:20:31,897 - INFO - F1: 0.900 (+/-0.400) for {'max_depth': 5, 'max_features': 'sqrt', 'min_samples_leaf': 2, 'min_samples_split': 10, 'n_estimators': 300}
2025-01-03 22:20:31,897 - INFO - F1: 1.000 (+/-0.000) for {'max_depth': 5, 'max_features': 'sqrt', 'min_samples_leaf': 4, 'min_samples_split': 2, 'n_estimators': 100}
2025-01-03 22:20:31,899 - INFO - F1: 1.000 (+/-0.000) for {'max_depth': 5, 'max_features': 'sqrt', 'min_samples_leaf': 4, 'min_samples_split': 2, 'n_estimators': 200}
2025-01-03 22:20:31,899 - INFO - F1: 1.000 (+/-0.000) for {'max_depth': 5, 'max_features': 'sqrt', 'min_samples_leaf': 4, 'min_samples_split': 2, 'n_estimators': 300}
2025-01-03 22:20:31,899 - INFO - F1: 1.000 (+/-0.000) for {'max_depth': 5, 'max_features': 'sqrt', 'min_samples_leaf': 4, 'min_samples_split': 5, 'n_estimators': 100}
2025-01-03 22:20:31,899 - INFO - F1: 1.000 (+/-0.000) for {'max_depth': 5, 'max_features': 'sqrt', 'min_samples_leaf': 4, 'min_samples_split': 5, 'n_estimators': 200}
2025-01-03 22:20:31,900 - INFO - F1: 1.000 (+/-0.000) for {'max_depth': 5, 'max_features': 'sqrt', 'min_samples_leaf': 4, 'min_samples_split': 5, 'n_estimators': 300}
2025-01-03 22:20:31,900 - INFO - F1: 0.620 (+/-0.697) for {'max_depth': 5, 'max_features': 'sqrt', 'min_samples_leaf': 4, 'min_samples_split': 10, 'n_estimators': 100}
2025-01-03 22:20:31,900 - INFO - F1: 0.820 (+/-0.367) for {'max_depth': 5, 'max_features': 'sqrt', 'min_samples_leaf': 4, 'min_samples_split': 10, 'n_estimators': 200}
2025-01-03 22:20:31,900 - INFO - F1: 0.900 (+/-0.400) for {'max_depth': 5, 'max_features': 'sqrt', 'min_samples_leaf': 4, 'min_samples_split': 10, 'n_estimators': 300}
2025-01-03 22:20:31,901 - INFO - F1: 1.000 (+/-0.000) for {'max_depth': 5, 'max_features': 'log2', 'min_samples_leaf': 1, 'min_samples_split': 2, 'n_estimators': 100}
2025-01-03 22:20:31,901 - INFO - F1: 1.000 (+/-0.000) for {'max_depth': 5, 'max_features': 'log2', 'min_samples_leaf': 1, 'min_samples_split': 2, 'n_estimators': 200}
2025-01-03 22:20:31,901 - INFO - F1: 1.000 (+/-0.000) for {'max_depth': 5, 'max_features': 'log2', 'min_samples_leaf': 1, 'min_samples_split': 2, 'n_estimators': 300}
2025-01-03 22:20:31,901 - INFO - F1: 1.000 (+/-0.000) for {'max_depth': 5, 'max_features': 'log2', 'min_samples_leaf': 1, 'min_samples_split': 5, 'n_estimators': 100}
2025-01-03 22:20:31,901 - INFO - F1: 1.000 (+/-0.000) for {'max_depth': 5, 'max_features': 'log2', 'min_samples_leaf': 1, 'min_samples_split': 5, 'n_estimators': 200}
2025-01-03 22:20:31,901 - INFO - F1: 1.000 (+/-0.000) for {'max_depth': 5, 'max_features': 'log2', 'min_samples_leaf': 1, 'min_samples_split': 5, 'n_estimators': 300}
2025-01-03 22:20:31,901 - INFO - F1: 0.620 (+/-0.697) for {'max_depth': 5, 'max_features': 'log2', 'min_samples_leaf': 1, 'min_samples_split': 10, 'n_estimators': 100}
2025-01-03 22:20:31,902 - INFO - F1: 0.820 (+/-0.367) for {'max_depth': 5, 'max_features': 'log2', 'min_samples_leaf': 1, 'min_samples_split': 10, 'n_estimators': 200}
2025-01-03 22:20:31,902 - INFO - F1: 0.900 (+/-0.400) for {'max_depth': 5, 'max_features': 'log2', 'min_samples_leaf': 1, 'min_samples_split': 10, 'n_estimators': 300}
2025-01-03 22:20:31,902 - INFO - F1: 1.000 (+/-0.000) for {'max_depth': 5, 'max_features': 'log2', 'min_samples_leaf': 2, 'min_samples_split': 2, 'n_estimators': 100}
2025-01-03 22:20:31,903 - INFO - F1: 1.000 (+/-0.000) for {'max_depth': 5, 'max_features': 'log2', 'min_samples_leaf': 2, 'min_samples_split': 2, 'n_estimators': 200}
2025-01-03 22:20:31,904 - INFO - F1: 1.000 (+/-0.000) for {'max_depth': 5, 'max_features': 'log2', 'min_samples_leaf': 2, 'min_samples_split': 2, 'n_estimators': 300}
2025-01-03 22:20:31,904 - INFO - F1: 1.000 (+/-0.000) for {'max_depth': 5, 'max_features': 'log2', 'min_samples_leaf': 2, 'min_samples_split': 5, 'n_estimators': 100}
2025-01-03 22:20:31,904 - INFO - F1: 1.000 (+/-0.000) for {'max_depth': 5, 'max_features': 'log2', 'min_samples_leaf': 2, 'min_samples_split': 5, 'n_estimators': 200}
2025-01-03 22:20:31,905 - INFO - F1: 1.000 (+/-0.000) for {'max_depth': 5, 'max_features': 'log2', 'min_samples_leaf': 2, 'min_samples_split': 5, 'n_estimators': 300}
2025-01-03 22:20:31,905 - INFO - F1: 0.620 (+/-0.697) for {'max_depth': 5, 'max_features': 'log2', 'min_samples_leaf': 2, 'min_samples_split': 10, 'n_estimators': 100}
2025-01-03 22:20:31,905 - INFO - F1: 0.820 (+/-0.367) for {'max_depth': 5, 'max_features': 'log2', 'min_samples_leaf': 2, 'min_samples_split': 10, 'n_estimators': 200}
2025-01-03 22:20:31,905 - INFO - F1: 0.900 (+/-0.400) for {'max_depth': 5, 'max_features': 'log2', 'min_samples_leaf': 2, 'min_samples_split': 10, 'n_estimators': 300}
2025-01-03 22:20:31,906 - INFO - F1: 1.000 (+/-0.000) for {'max_depth': 5, 'max_features': 'log2', 'min_samples_leaf': 4, 'min_samples_split': 2, 'n_estimators': 100}
2025-01-03 22:20:31,906 - INFO - F1: 1.000 (+/-0.000) for {'max_depth': 5, 'max_features': 'log2', 'min_samples_leaf': 4, 'min_samples_split': 2, 'n_estimators': 200}
2025-01-03 22:20:31,906 - INFO - F1: 1.000 (+/-0.000) for {'max_depth': 5, 'max_features': 'log2', 'min_samples_leaf': 4, 'min_samples_split': 2, 'n_estimators': 300}
2025-01-03 22:20:31,906 - INFO - F1: 1.000 (+/-0.000) for {'max_depth': 5, 'max_features': 'log2', 'min_samples_leaf': 4, 'min_samples_split': 5, 'n_estimators': 100}
2025-01-03 22:20:31,906 - INFO - F1: 1.000 (+/-0.000) for {'max_depth': 5, 'max_features': 'log2', 'min_samples_leaf': 4, 'min_samples_split': 5, 'n_estimators': 200}
2025-01-03 22:20:31,907 - INFO - F1: 1.000 (+/-0.000) for {'max_depth': 5, 'max_features': 'log2', 'min_samples_leaf': 4, 'min_samples_split': 5, 'n_estimators': 300}
2025-01-03 22:20:31,907 - INFO - F1: 0.620 (+/-0.697) for {'max_depth': 5, 'max_features': 'log2', 'min_samples_leaf': 4, 'min_samples_split': 10, 'n_estimators': 100}
2025-01-03 22:20:31,907 - INFO - F1: 0.820 (+/-0.367) for {'max_depth': 5, 'max_features': 'log2', 'min_samples_leaf': 4, 'min_samples_split': 10, 'n_estimators': 200}
2025-01-03 22:20:31,907 - INFO - F1: 0.900 (+/-0.400) for {'max_depth': 5, 'max_features': 'log2', 'min_samples_leaf': 4, 'min_samples_split': 10, 'n_estimators': 300}
2025-01-03 22:20:31,908 - INFO - F1: 1.000 (+/-0.000) for {'max_depth': 10, 'max_features': 'sqrt', 'min_samples_leaf': 1, 'min_samples_split': 2, 'n_estimators': 100}
2025-01-03 22:20:31,908 - INFO - F1: 1.000 (+/-0.000) for {'max_depth': 10, 'max_features': 'sqrt', 'min_samples_leaf': 1, 'min_samples_split': 2, 'n_estimators': 200}
2025-01-03 22:20:31,908 - INFO - F1: 1.000 (+/-0.000) for {'max_depth': 10, 'max_features': 'sqrt', 'min_samples_leaf': 1, 'min_samples_split': 2, 'n_estimators': 300}
2025-01-03 22:20:31,908 - INFO - F1: 1.000 (+/-0.000) for {'max_depth': 10, 'max_features': 'sqrt', 'min_samples_leaf': 1, 'min_samples_split': 5, 'n_estimators': 100}
2025-01-03 22:20:31,909 - INFO - F1: 1.000 (+/-0.000) for {'max_depth': 10, 'max_features': 'sqrt', 'min_samples_leaf': 1, 'min_samples_split': 5, 'n_estimators': 200}
2025-01-03 22:20:31,909 - INFO - F1: 1.000 (+/-0.000) for {'max_depth': 10, 'max_features': 'sqrt', 'min_samples_leaf': 1, 'min_samples_split': 5, 'n_estimators': 300}
2025-01-03 22:20:31,909 - INFO - F1: 0.620 (+/-0.697) for {'max_depth': 10, 'max_features': 'sqrt', 'min_samples_leaf': 1, 'min_samples_split': 10, 'n_estimators': 100}
2025-01-03 22:20:31,910 - INFO - F1: 0.820 (+/-0.367) for {'max_depth': 10, 'max_features': 'sqrt', 'min_samples_leaf': 1, 'min_samples_split': 10, 'n_estimators': 200}
2025-01-03 22:20:31,910 - INFO - F1: 0.900 (+/-0.400) for {'max_depth': 10, 'max_features': 'sqrt', 'min_samples_leaf': 1, 'min_samples_split': 10, 'n_estimators': 300}
2025-01-03 22:20:31,910 - INFO - F1: 1.000 (+/-0.000) for {'max_depth': 10, 'max_features': 'sqrt', 'min_samples_leaf': 2, 'min_samples_split': 2, 'n_estimators': 100}
2025-01-03 22:20:31,910 - INFO - F1: 1.000 (+/-0.000) for {'max_depth': 10, 'max_features': 'sqrt', 'min_samples_leaf': 2, 'min_samples_split': 2, 'n_estimators': 200}
2025-01-03 22:20:31,910 - INFO - F1: 1.000 (+/-0.000) for {'max_depth': 10, 'max_features': 'sqrt', 'min_samples_leaf': 2, 'min_samples_split': 2, 'n_estimators': 300}
2025-01-03 22:20:31,910 - INFO - F1: 1.000 (+/-0.000) for {'max_depth': 10, 'max_features': 'sqrt', 'min_samples_leaf': 2, 'min_samples_split': 5, 'n_estimators': 100}
2025-01-03 22:20:31,911 - INFO - F1: 1.000 (+/-0.000) for {'max_depth': 10, 'max_features': 'sqrt', 'min_samples_leaf': 2, 'min_samples_split': 5, 'n_estimators': 200}
2025-01-03 22:20:31,911 - INFO - F1: 1.000 (+/-0.000) for {'max_depth': 10, 'max_features': 'sqrt', 'min_samples_leaf': 2, 'min_samples_split': 5, 'n_estimators': 300}
2025-01-03 22:20:31,911 - INFO - F1: 0.620 (+/-0.697) for {'max_depth': 10, 'max_features': 'sqrt', 'min_samples_leaf': 2, 'min_samples_split': 10, 'n_estimators': 100}
2025-01-03 22:20:31,911 - INFO - F1: 0.820 (+/-0.367) for {'max_depth': 10, 'max_features': 'sqrt', 'min_samples_leaf': 2, 'min_samples_split': 10, 'n_estimators': 200}
2025-01-03 22:20:31,912 - INFO - F1: 0.900 (+/-0.400) for {'max_depth': 10, 'max_features': 'sqrt', 'min_samples_leaf': 2, 'min_samples_split': 10, 'n_estimators': 300}
2025-01-03 22:20:31,912 - INFO - F1: 1.000 (+/-0.000) for {'max_depth': 10, 'max_features': 'sqrt', 'min_samples_leaf': 4, 'min_samples_split': 2, 'n_estimators': 100}
2025-01-03 22:20:31,912 - INFO - F1: 1.000 (+/-0.000) for {'max_depth': 10, 'max_features': 'sqrt', 'min_samples_leaf': 4, 'min_samples_split': 2, 'n_estimators': 200}
2025-01-03 22:20:31,912 - INFO - F1: 1.000 (+/-0.000) for {'max_depth': 10, 'max_features': 'sqrt', 'min_samples_leaf': 4, 'min_samples_split': 2, 'n_estimators': 300}
2025-01-03 22:20:31,912 - INFO - F1: 1.000 (+/-0.000) for {'max_depth': 10, 'max_features': 'sqrt', 'min_samples_leaf': 4, 'min_samples_split': 5, 'n_estimators': 100}
2025-01-03 22:20:31,913 - INFO - F1: 1.000 (+/-0.000) for {'max_depth': 10, 'max_features': 'sqrt', 'min_samples_leaf': 4, 'min_samples_split': 5, 'n_estimators': 200}
2025-01-03 22:20:31,914 - INFO - F1: 1.000 (+/-0.000) for {'max_depth': 10, 'max_features': 'sqrt', 'min_samples_leaf': 4, 'min_samples_split': 5, 'n_estimators': 300}
2025-01-03 22:20:31,914 - INFO - F1: 0.620 (+/-0.697) for {'max_depth': 10, 'max_features': 'sqrt', 'min_samples_leaf': 4, 'min_samples_split': 10, 'n_estimators': 100}
2025-01-03 22:20:31,914 - INFO - F1: 0.820 (+/-0.367) for {'max_depth': 10, 'max_features': 'sqrt', 'min_samples_leaf': 4, 'min_samples_split': 10, 'n_estimators': 200}
2025-01-03 22:20:31,915 - INFO - F1: 0.900 (+/-0.400) for {'max_depth': 10, 'max_features': 'sqrt', 'min_samples_leaf': 4, 'min_samples_split': 10, 'n_estimators': 300}
2025-01-03 22:20:31,915 - INFO - F1: 1.000 (+/-0.000) for {'max_depth': 10, 'max_features': 'log2', 'min_samples_leaf': 1, 'min_samples_split': 2, 'n_estimators': 100}
2025-01-03 22:20:31,915 - INFO - F1: 1.000 (+/-0.000) for {'max_depth': 10, 'max_features': 'log2', 'min_samples_leaf': 1, 'min_samples_split': 2, 'n_estimators': 200}
2025-01-03 22:20:31,915 - INFO - F1: 1.000 (+/-0.000) for {'max_depth': 10, 'max_features': 'log2', 'min_samples_leaf': 1, 'min_samples_split': 2, 'n_estimators': 300}
2025-01-03 22:20:31,915 - INFO - F1: 1.000 (+/-0.000) for {'max_depth': 10, 'max_features': 'log2', 'min_samples_leaf': 1, 'min_samples_split': 5, 'n_estimators': 100}
2025-01-03 22:20:31,916 - INFO - F1: 1.000 (+/-0.000) for {'max_depth': 10, 'max_features': 'log2', 'min_samples_leaf': 1, 'min_samples_split': 5, 'n_estimators': 200}
2025-01-03 22:20:31,916 - INFO - F1: 1.000 (+/-0.000) for {'max_depth': 10, 'max_features': 'log2', 'min_samples_leaf': 1, 'min_samples_split': 5, 'n_estimators': 300}
2025-01-03 22:20:31,916 - INFO - F1: 0.620 (+/-0.697) for {'max_depth': 10, 'max_features': 'log2', 'min_samples_leaf': 1, 'min_samples_split': 10, 'n_estimators': 100}
2025-01-03 22:20:31,917 - INFO - F1: 0.820 (+/-0.367) for {'max_depth': 10, 'max_features': 'log2', 'min_samples_leaf': 1, 'min_samples_split': 10, 'n_estimators': 200}
2025-01-03 22:20:31,917 - INFO - F1: 0.900 (+/-0.400) for {'max_depth': 10, 'max_features': 'log2', 'min_samples_leaf': 1, 'min_samples_split': 10, 'n_estimators': 300}
2025-01-03 22:20:31,918 - INFO - F1: 1.000 (+/-0.000) for {'max_depth': 10, 'max_features': 'log2', 'min_samples_leaf': 2, 'min_samples_split': 2, 'n_estimators': 100}
2025-01-03 22:20:31,918 - INFO - F1: 1.000 (+/-0.000) for {'max_depth': 10, 'max_features': 'log2', 'min_samples_leaf': 2, 'min_samples_split': 2, 'n_estimators': 200}
2025-01-03 22:20:31,918 - INFO - F1: 1.000 (+/-0.000) for {'max_depth': 10, 'max_features': 'log2', 'min_samples_leaf': 2, 'min_samples_split': 2, 'n_estimators': 300}
2025-01-03 22:20:31,918 - INFO - F1: 1.000 (+/-0.000) for {'max_depth': 10, 'max_features': 'log2', 'min_samples_leaf': 2, 'min_samples_split': 5, 'n_estimators': 100}
2025-01-03 22:20:31,918 - INFO - F1: 1.000 (+/-0.000) for {'max_depth': 10, 'max_features': 'log2', 'min_samples_leaf': 2, 'min_samples_split': 5, 'n_estimators': 200}
2025-01-03 22:20:31,919 - INFO - F1: 1.000 (+/-0.000) for {'max_depth': 10, 'max_features': 'log2', 'min_samples_leaf': 2, 'min_samples_split': 5, 'n_estimators': 300}
2025-01-03 22:20:31,919 - INFO - F1: 0.620 (+/-0.697) for {'max_depth': 10, 'max_features': 'log2', 'min_samples_leaf': 2, 'min_samples_split': 10, 'n_estimators': 100}
2025-01-03 22:20:31,919 - INFO - F1: 0.820 (+/-0.367) for {'max_depth': 10, 'max_features': 'log2', 'min_samples_leaf': 2, 'min_samples_split': 10, 'n_estimators': 200}
2025-01-03 22:20:31,919 - INFO - F1: 0.900 (+/-0.400) for {'max_depth': 10, 'max_features': 'log2', 'min_samples_leaf': 2, 'min_samples_split': 10, 'n_estimators': 300}
2025-01-03 22:20:31,919 - INFO - F1: 1.000 (+/-0.000) for {'max_depth': 10, 'max_features': 'log2', 'min_samples_leaf': 4, 'min_samples_split': 2, 'n_estimators': 100}
2025-01-03 22:20:31,920 - INFO - F1: 1.000 (+/-0.000) for {'max_depth': 10, 'max_features': 'log2', 'min_samples_leaf': 4, 'min_samples_split': 2, 'n_estimators': 200}
2025-01-03 22:20:31,920 - INFO - F1: 1.000 (+/-0.000) for {'max_depth': 10, 'max_features': 'log2', 'min_samples_leaf': 4, 'min_samples_split': 2, 'n_estimators': 300}
2025-01-03 22:20:31,920 - INFO - F1: 1.000 (+/-0.000) for {'max_depth': 10, 'max_features': 'log2', 'min_samples_leaf': 4, 'min_samples_split': 5, 'n_estimators': 100}
2025-01-03 22:20:31,920 - INFO - F1: 1.000 (+/-0.000) for {'max_depth': 10, 'max_features': 'log2', 'min_samples_leaf': 4, 'min_samples_split': 5, 'n_estimators': 200}
2025-01-03 22:20:31,921 - INFO - F1: 1.000 (+/-0.000) for {'max_depth': 10, 'max_features': 'log2', 'min_samples_leaf': 4, 'min_samples_split': 5, 'n_estimators': 300}
2025-01-03 22:20:31,921 - INFO - F1: 0.620 (+/-0.697) for {'max_depth': 10, 'max_features': 'log2', 'min_samples_leaf': 4, 'min_samples_split': 10, 'n_estimators': 100}
2025-01-03 22:20:31,921 - INFO - F1: 0.820 (+/-0.367) for {'max_depth': 10, 'max_features': 'log2', 'min_samples_leaf': 4, 'min_samples_split': 10, 'n_estimators': 200}
2025-01-03 22:20:31,921 - INFO - F1: 0.900 (+/-0.400) for {'max_depth': 10, 'max_features': 'log2', 'min_samples_leaf': 4, 'min_samples_split': 10, 'n_estimators': 300}
2025-01-03 22:20:31,922 - INFO - F1: 1.000 (+/-0.000) for {'max_depth': 15, 'max_features': 'sqrt', 'min_samples_leaf': 1, 'min_samples_split': 2, 'n_estimators': 100}
2025-01-03 22:20:31,922 - INFO - F1: 1.000 (+/-0.000) for {'max_depth': 15, 'max_features': 'sqrt', 'min_samples_leaf': 1, 'min_samples_split': 2, 'n_estimators': 200}
2025-01-03 22:20:31,922 - INFO - F1: 1.000 (+/-0.000) for {'max_depth': 15, 'max_features': 'sqrt', 'min_samples_leaf': 1, 'min_samples_split': 2, 'n_estimators': 300}
2025-01-03 22:20:31,922 - INFO - F1: 1.000 (+/-0.000) for {'max_depth': 15, 'max_features': 'sqrt', 'min_samples_leaf': 1, 'min_samples_split': 5, 'n_estimators': 100}
2025-01-03 22:20:31,923 - INFO - F1: 1.000 (+/-0.000) for {'max_depth': 15, 'max_features': 'sqrt', 'min_samples_leaf': 1, 'min_samples_split': 5, 'n_estimators': 200}
2025-01-03 22:20:31,924 - INFO - F1: 1.000 (+/-0.000) for {'max_depth': 15, 'max_features': 'sqrt', 'min_samples_leaf': 1, 'min_samples_split': 5, 'n_estimators': 300}
2025-01-03 22:20:31,924 - INFO - F1: 0.620 (+/-0.697) for {'max_depth': 15, 'max_features': 'sqrt', 'min_samples_leaf': 1, 'min_samples_split': 10, 'n_estimators': 100}
2025-01-03 22:20:31,924 - INFO - F1: 0.820 (+/-0.367) for {'max_depth': 15, 'max_features': 'sqrt', 'min_samples_leaf': 1, 'min_samples_split': 10, 'n_estimators': 200}
2025-01-03 22:20:31,925 - INFO - F1: 0.900 (+/-0.400) for {'max_depth': 15, 'max_features': 'sqrt', 'min_samples_leaf': 1, 'min_samples_split': 10, 'n_estimators': 300}
2025-01-03 22:20:31,925 - INFO - F1: 1.000 (+/-0.000) for {'max_depth': 15, 'max_features': 'sqrt', 'min_samples_leaf': 2, 'min_samples_split': 2, 'n_estimators': 100}
2025-01-03 22:20:31,925 - INFO - F1: 1.000 (+/-0.000) for {'max_depth': 15, 'max_features': 'sqrt', 'min_samples_leaf': 2, 'min_samples_split': 2, 'n_estimators': 200}
2025-01-03 22:20:31,925 - INFO - F1: 1.000 (+/-0.000) for {'max_depth': 15, 'max_features': 'sqrt', 'min_samples_leaf': 2, 'min_samples_split': 2, 'n_estimators': 300}
2025-01-03 22:20:31,925 - INFO - F1: 1.000 (+/-0.000) for {'max_depth': 15, 'max_features': 'sqrt', 'min_samples_leaf': 2, 'min_samples_split': 5, 'n_estimators': 100}
2025-01-03 22:20:31,926 - INFO - F1: 1.000 (+/-0.000) for {'max_depth': 15, 'max_features': 'sqrt', 'min_samples_leaf': 2, 'min_samples_split': 5, 'n_estimators': 200}
2025-01-03 22:20:31,926 - INFO - F1: 1.000 (+/-0.000) for {'max_depth': 15, 'max_features': 'sqrt', 'min_samples_leaf': 2, 'min_samples_split': 5, 'n_estimators': 300}
2025-01-03 22:20:31,926 - INFO - F1: 0.620 (+/-0.697) for {'max_depth': 15, 'max_features': 'sqrt', 'min_samples_leaf': 2, 'min_samples_split': 10, 'n_estimators': 100}
2025-01-03 22:20:31,926 - INFO - F1: 0.820 (+/-0.367) for {'max_depth': 15, 'max_features': 'sqrt', 'min_samples_leaf': 2, 'min_samples_split': 10, 'n_estimators': 200}
2025-01-03 22:20:31,926 - INFO - F1: 0.900 (+/-0.400) for {'max_depth': 15, 'max_features': 'sqrt', 'min_samples_leaf': 2, 'min_samples_split': 10, 'n_estimators': 300}
2025-01-03 22:20:31,926 - INFO - F1: 1.000 (+/-0.000) for {'max_depth': 15, 'max_features': 'sqrt', 'min_samples_leaf': 4, 'min_samples_split': 2, 'n_estimators': 100}
2025-01-03 22:20:31,927 - INFO - F1: 1.000 (+/-0.000) for {'max_depth': 15, 'max_features': 'sqrt', 'min_samples_leaf': 4, 'min_samples_split': 2, 'n_estimators': 200}
2025-01-03 22:20:31,927 - INFO - F1: 1.000 (+/-0.000) for {'max_depth': 15, 'max_features': 'sqrt', 'min_samples_leaf': 4, 'min_samples_split': 2, 'n_estimators': 300}
2025-01-03 22:20:31,927 - INFO - F1: 1.000 (+/-0.000) for {'max_depth': 15, 'max_features': 'sqrt', 'min_samples_leaf': 4, 'min_samples_split': 5, 'n_estimators': 100}
2025-01-03 22:20:31,928 - INFO - F1: 1.000 (+/-0.000) for {'max_depth': 15, 'max_features': 'sqrt', 'min_samples_leaf': 4, 'min_samples_split': 5, 'n_estimators': 200}
2025-01-03 22:20:31,928 - INFO - F1: 1.000 (+/-0.000) for {'max_depth': 15, 'max_features': 'sqrt', 'min_samples_leaf': 4, 'min_samples_split': 5, 'n_estimators': 300}
2025-01-03 22:20:31,928 - INFO - F1: 0.620 (+/-0.697) for {'max_depth': 15, 'max_features': 'sqrt', 'min_samples_leaf': 4, 'min_samples_split': 10, 'n_estimators': 100}
2025-01-03 22:20:31,928 - INFO - F1: 0.820 (+/-0.367) for {'max_depth': 15, 'max_features': 'sqrt', 'min_samples_leaf': 4, 'min_samples_split': 10, 'n_estimators': 200}
2025-01-03 22:20:31,928 - INFO - F1: 0.900 (+/-0.400) for {'max_depth': 15, 'max_features': 'sqrt', 'min_samples_leaf': 4, 'min_samples_split': 10, 'n_estimators': 300}
2025-01-03 22:20:31,928 - INFO - F1: 1.000 (+/-0.000) for {'max_depth': 15, 'max_features': 'log2', 'min_samples_leaf': 1, 'min_samples_split': 2, 'n_estimators': 100}
2025-01-03 22:20:31,928 - INFO - F1: 1.000 (+/-0.000) for {'max_depth': 15, 'max_features': 'log2', 'min_samples_leaf': 1, 'min_samples_split': 2, 'n_estimators': 200}
2025-01-03 22:20:31,930 - INFO - F1: 1.000 (+/-0.000) for {'max_depth': 15, 'max_features': 'log2', 'min_samples_leaf': 1, 'min_samples_split': 2, 'n_estimators': 300}
2025-01-03 22:20:31,930 - INFO - F1: 1.000 (+/-0.000) for {'max_depth': 15, 'max_features': 'log2', 'min_samples_leaf': 1, 'min_samples_split': 5, 'n_estimators': 100}
2025-01-03 22:20:31,930 - INFO - F1: 1.000 (+/-0.000) for {'max_depth': 15, 'max_features': 'log2', 'min_samples_leaf': 1, 'min_samples_split': 5, 'n_estimators': 200}
2025-01-03 22:20:31,931 - INFO - F1: 1.000 (+/-0.000) for {'max_depth': 15, 'max_features': 'log2', 'min_samples_leaf': 1, 'min_samples_split': 5, 'n_estimators': 300}
2025-01-03 22:20:31,931 - INFO - F1: 0.620 (+/-0.697) for {'max_depth': 15, 'max_features': 'log2', 'min_samples_leaf': 1, 'min_samples_split': 10, 'n_estimators': 100}
2025-01-03 22:20:31,931 - INFO - F1: 0.820 (+/-0.367) for {'max_depth': 15, 'max_features': 'log2', 'min_samples_leaf': 1, 'min_samples_split': 10, 'n_estimators': 200}
2025-01-03 22:20:31,932 - INFO - F1: 0.900 (+/-0.400) for {'max_depth': 15, 'max_features': 'log2', 'min_samples_leaf': 1, 'min_samples_split': 10, 'n_estimators': 300}
2025-01-03 22:20:31,932 - INFO - F1: 1.000 (+/-0.000) for {'max_depth': 15, 'max_features': 'log2', 'min_samples_leaf': 2, 'min_samples_split': 2, 'n_estimators': 100}
2025-01-03 22:20:31,932 - INFO - F1: 1.000 (+/-0.000) for {'max_depth': 15, 'max_features': 'log2', 'min_samples_leaf': 2, 'min_samples_split': 2, 'n_estimators': 200}
2025-01-03 22:20:31,932 - INFO - F1: 1.000 (+/-0.000) for {'max_depth': 15, 'max_features': 'log2', 'min_samples_leaf': 2, 'min_samples_split': 2, 'n_estimators': 300}
2025-01-03 22:20:31,933 - INFO - F1: 1.000 (+/-0.000) for {'max_depth': 15, 'max_features': 'log2', 'min_samples_leaf': 2, 'min_samples_split': 5, 'n_estimators': 100}
2025-01-03 22:20:31,934 - INFO - F1: 1.000 (+/-0.000) for {'max_depth': 15, 'max_features': 'log2', 'min_samples_leaf': 2, 'min_samples_split': 5, 'n_estimators': 200}
2025-01-03 22:20:31,934 - INFO - F1: 1.000 (+/-0.000) for {'max_depth': 15, 'max_features': 'log2', 'min_samples_leaf': 2, 'min_samples_split': 5, 'n_estimators': 300}
2025-01-03 22:20:31,934 - INFO - F1: 0.620 (+/-0.697) for {'max_depth': 15, 'max_features': 'log2', 'min_samples_leaf': 2, 'min_samples_split': 10, 'n_estimators': 100}
2025-01-03 22:20:31,934 - INFO - F1: 0.820 (+/-0.367) for {'max_depth': 15, 'max_features': 'log2', 'min_samples_leaf': 2, 'min_samples_split': 10, 'n_estimators': 200}
2025-01-03 22:20:31,934 - INFO - F1: 0.900 (+/-0.400) for {'max_depth': 15, 'max_features': 'log2', 'min_samples_leaf': 2, 'min_samples_split': 10, 'n_estimators': 300}
2025-01-03 22:20:31,934 - INFO - F1: 1.000 (+/-0.000) for {'max_depth': 15, 'max_features': 'log2', 'min_samples_leaf': 4, 'min_samples_split': 2, 'n_estimators': 100}
2025-01-03 22:20:31,935 - INFO - F1: 1.000 (+/-0.000) for {'max_depth': 15, 'max_features': 'log2', 'min_samples_leaf': 4, 'min_samples_split': 2, 'n_estimators': 200}
2025-01-03 22:20:31,935 - INFO - F1: 1.000 (+/-0.000) for {'max_depth': 15, 'max_features': 'log2', 'min_samples_leaf': 4, 'min_samples_split': 2, 'n_estimators': 300}
2025-01-03 22:20:31,935 - INFO - F1: 1.000 (+/-0.000) for {'max_depth': 15, 'max_features': 'log2', 'min_samples_leaf': 4, 'min_samples_split': 5, 'n_estimators': 100}
2025-01-03 22:20:31,936 - INFO - F1: 1.000 (+/-0.000) for {'max_depth': 15, 'max_features': 'log2', 'min_samples_leaf': 4, 'min_samples_split': 5, 'n_estimators': 200}
2025-01-03 22:20:31,936 - INFO - F1: 1.000 (+/-0.000) for {'max_depth': 15, 'max_features': 'log2', 'min_samples_leaf': 4, 'min_samples_split': 5, 'n_estimators': 300}
2025-01-03 22:20:31,936 - INFO - F1: 0.620 (+/-0.697) for {'max_depth': 15, 'max_features': 'log2', 'min_samples_leaf': 4, 'min_samples_split': 10, 'n_estimators': 100}
2025-01-03 22:20:31,936 - INFO - F1: 0.820 (+/-0.367) for {'max_depth': 15, 'max_features': 'log2', 'min_samples_leaf': 4, 'min_samples_split': 10, 'n_estimators': 200}
2025-01-03 22:20:31,937 - INFO - F1: 0.900 (+/-0.400) for {'max_depth': 15, 'max_features': 'log2', 'min_samples_leaf': 4, 'min_samples_split': 10, 'n_estimators': 300}
2025-01-03 22:20:31,937 - INFO - F1: 1.000 (+/-0.000) for {'max_depth': None, 'max_features': 'sqrt', 'min_samples_leaf': 1, 'min_samples_split': 2, 'n_estimators': 100}
2025-01-03 22:20:31,937 - INFO - F1: 1.000 (+/-0.000) for {'max_depth': None, 'max_features': 'sqrt', 'min_samples_leaf': 1, 'min_samples_split': 2, 'n_estimators': 200}
2025-01-03 22:20:31,938 - INFO - F1: 1.000 (+/-0.000) for {'max_depth': None, 'max_features': 'sqrt', 'min_samples_leaf': 1, 'min_samples_split': 2, 'n_estimators': 300}
2025-01-03 22:20:31,938 - INFO - F1: 1.000 (+/-0.000) for {'max_depth': None, 'max_features': 'sqrt', 'min_samples_leaf': 1, 'min_samples_split': 5, 'n_estimators': 100}
2025-01-03 22:20:31,938 - INFO - F1: 1.000 (+/-0.000) for {'max_depth': None, 'max_features': 'sqrt', 'min_samples_leaf': 1, 'min_samples_split': 5, 'n_estimators': 200}
2025-01-03 22:20:31,938 - INFO - F1: 1.000 (+/-0.000) for {'max_depth': None, 'max_features': 'sqrt', 'min_samples_leaf': 1, 'min_samples_split': 5, 'n_estimators': 300}
2025-01-03 22:20:31,939 - INFO - F1: 0.620 (+/-0.697) for {'max_depth': None, 'max_features': 'sqrt', 'min_samples_leaf': 1, 'min_samples_split': 10, 'n_estimators': 100}
2025-01-03 22:20:31,939 - INFO - F1: 0.820 (+/-0.367) for {'max_depth': None, 'max_features': 'sqrt', 'min_samples_leaf': 1, 'min_samples_split': 10, 'n_estimators': 200}
2025-01-03 22:20:31,939 - INFO - F1: 0.900 (+/-0.400) for {'max_depth': None, 'max_features': 'sqrt', 'min_samples_leaf': 1, 'min_samples_split': 10, 'n_estimators': 300}
2025-01-03 22:20:31,940 - INFO - F1: 1.000 (+/-0.000) for {'max_depth': None, 'max_features': 'sqrt', 'min_samples_leaf': 2, 'min_samples_split': 2, 'n_estimators': 100}
2025-01-03 22:20:31,940 - INFO - F1: 1.000 (+/-0.000) for {'max_depth': None, 'max_features': 'sqrt', 'min_samples_leaf': 2, 'min_samples_split': 2, 'n_estimators': 200}
2025-01-03 22:20:31,940 - INFO - F1: 1.000 (+/-0.000) for {'max_depth': None, 'max_features': 'sqrt', 'min_samples_leaf': 2, 'min_samples_split': 2, 'n_estimators': 300}
2025-01-03 22:20:31,940 - INFO - F1: 1.000 (+/-0.000) for {'max_depth': None, 'max_features': 'sqrt', 'min_samples_leaf': 2, 'min_samples_split': 5, 'n_estimators': 100}
2025-01-03 22:20:31,940 - INFO - F1: 1.000 (+/-0.000) for {'max_depth': None, 'max_features': 'sqrt', 'min_samples_leaf': 2, 'min_samples_split': 5, 'n_estimators': 200}
2025-01-03 22:20:31,942 - INFO - F1: 1.000 (+/-0.000) for {'max_depth': None, 'max_features': 'sqrt', 'min_samples_leaf': 2, 'min_samples_split': 5, 'n_estimators': 300}
2025-01-03 22:20:31,942 - INFO - F1: 0.620 (+/-0.697) for {'max_depth': None, 'max_features': 'sqrt', 'min_samples_leaf': 2, 'min_samples_split': 10, 'n_estimators': 100}
2025-01-03 22:20:31,942 - INFO - F1: 0.820 (+/-0.367) for {'max_depth': None, 'max_features': 'sqrt', 'min_samples_leaf': 2, 'min_samples_split': 10, 'n_estimators': 200}
2025-01-03 22:20:31,942 - INFO - F1: 0.900 (+/-0.400) for {'max_depth': None, 'max_features': 'sqrt', 'min_samples_leaf': 2, 'min_samples_split': 10, 'n_estimators': 300}
2025-01-03 22:20:31,942 - INFO - F1: 1.000 (+/-0.000) for {'max_depth': None, 'max_features': 'sqrt', 'min_samples_leaf': 4, 'min_samples_split': 2, 'n_estimators': 100}
2025-01-03 22:20:31,943 - INFO - F1: 1.000 (+/-0.000) for {'max_depth': None, 'max_features': 'sqrt', 'min_samples_leaf': 4, 'min_samples_split': 2, 'n_estimators': 200}
2025-01-03 22:20:31,943 - INFO - F1: 1.000 (+/-0.000) for {'max_depth': None, 'max_features': 'sqrt', 'min_samples_leaf': 4, 'min_samples_split': 2, 'n_estimators': 300}
2025-01-03 22:20:31,943 - INFO - F1: 1.000 (+/-0.000) for {'max_depth': None, 'max_features': 'sqrt', 'min_samples_leaf': 4, 'min_samples_split': 5, 'n_estimators': 100}
2025-01-03 22:20:31,943 - INFO - F1: 1.000 (+/-0.000) for {'max_depth': None, 'max_features': 'sqrt', 'min_samples_leaf': 4, 'min_samples_split': 5, 'n_estimators': 200}
2025-01-03 22:20:31,945 - INFO - F1: 1.000 (+/-0.000) for {'max_depth': None, 'max_features': 'sqrt', 'min_samples_leaf': 4, 'min_samples_split': 5, 'n_estimators': 300}
2025-01-03 22:20:31,945 - INFO - F1: 0.620 (+/-0.697) for {'max_depth': None, 'max_features': 'sqrt', 'min_samples_leaf': 4, 'min_samples_split': 10, 'n_estimators': 100}
2025-01-03 22:20:31,945 - INFO - F1: 0.820 (+/-0.367) for {'max_depth': None, 'max_features': 'sqrt', 'min_samples_leaf': 4, 'min_samples_split': 10, 'n_estimators': 200}
2025-01-03 22:20:31,945 - INFO - F1: 0.900 (+/-0.400) for {'max_depth': None, 'max_features': 'sqrt', 'min_samples_leaf': 4, 'min_samples_split': 10, 'n_estimators': 300}
2025-01-03 22:20:31,946 - INFO - F1: 1.000 (+/-0.000) for {'max_depth': None, 'max_features': 'log2', 'min_samples_leaf': 1, 'min_samples_split': 2, 'n_estimators': 100}
2025-01-03 22:20:31,946 - INFO - F1: 1.000 (+/-0.000) for {'max_depth': None, 'max_features': 'log2', 'min_samples_leaf': 1, 'min_samples_split': 2, 'n_estimators': 200}
2025-01-03 22:20:31,946 - INFO - F1: 1.000 (+/-0.000) for {'max_depth': None, 'max_features': 'log2', 'min_samples_leaf': 1, 'min_samples_split': 2, 'n_estimators': 300}
2025-01-03 22:20:31,946 - INFO - F1: 1.000 (+/-0.000) for {'max_depth': None, 'max_features': 'log2', 'min_samples_leaf': 1, 'min_samples_split': 5, 'n_estimators': 100}
2025-01-03 22:20:31,947 - INFO - F1: 1.000 (+/-0.000) for {'max_depth': None, 'max_features': 'log2', 'min_samples_leaf': 1, 'min_samples_split': 5, 'n_estimators': 200}
2025-01-03 22:20:31,947 - INFO - F1: 1.000 (+/-0.000) for {'max_depth': None, 'max_features': 'log2', 'min_samples_leaf': 1, 'min_samples_split': 5, 'n_estimators': 300}
2025-01-03 22:20:31,947 - INFO - F1: 0.620 (+/-0.697) for {'max_depth': None, 'max_features': 'log2', 'min_samples_leaf': 1, 'min_samples_split': 10, 'n_estimators': 100}
2025-01-03 22:20:31,948 - INFO - F1: 0.820 (+/-0.367) for {'max_depth': None, 'max_features': 'log2', 'min_samples_leaf': 1, 'min_samples_split': 10, 'n_estimators': 200}
2025-01-03 22:20:31,948 - INFO - F1: 0.900 (+/-0.400) for {'max_depth': None, 'max_features': 'log2', 'min_samples_leaf': 1, 'min_samples_split': 10, 'n_estimators': 300}
2025-01-03 22:20:31,948 - INFO - F1: 1.000 (+/-0.000) for {'max_depth': None, 'max_features': 'log2', 'min_samples_leaf': 2, 'min_samples_split': 2, 'n_estimators': 100}
2025-01-03 22:20:31,948 - INFO - F1: 1.000 (+/-0.000) for {'max_depth': None, 'max_features': 'log2', 'min_samples_leaf': 2, 'min_samples_split': 2, 'n_estimators': 200}
2025-01-03 22:20:31,949 - INFO - F1: 1.000 (+/-0.000) for {'max_depth': None, 'max_features': 'log2', 'min_samples_leaf': 2, 'min_samples_split': 2, 'n_estimators': 300}
2025-01-03 22:20:31,949 - INFO - F1: 1.000 (+/-0.000) for {'max_depth': None, 'max_features': 'log2', 'min_samples_leaf': 2, 'min_samples_split': 5, 'n_estimators': 100}
2025-01-03 22:20:31,949 - INFO - F1: 1.000 (+/-0.000) for {'max_depth': None, 'max_features': 'log2', 'min_samples_leaf': 2, 'min_samples_split': 5, 'n_estimators': 200}
2025-01-03 22:20:31,949 - INFO - F1: 1.000 (+/-0.000) for {'max_depth': None, 'max_features': 'log2', 'min_samples_leaf': 2, 'min_samples_split': 5, 'n_estimators': 300}
2025-01-03 22:20:31,950 - INFO - F1: 0.620 (+/-0.697) for {'max_depth': None, 'max_features': 'log2', 'min_samples_leaf': 2, 'min_samples_split': 10, 'n_estimators': 100}
2025-01-03 22:20:31,950 - INFO - F1: 0.820 (+/-0.367) for {'max_depth': None, 'max_features': 'log2', 'min_samples_leaf': 2, 'min_samples_split': 10, 'n_estimators': 200}
2025-01-03 22:20:31,951 - INFO - F1: 0.900 (+/-0.400) for {'max_depth': None, 'max_features': 'log2', 'min_samples_leaf': 2, 'min_samples_split': 10, 'n_estimators': 300}
2025-01-03 22:20:31,951 - INFO - F1: 1.000 (+/-0.000) for {'max_depth': None, 'max_features': 'log2', 'min_samples_leaf': 4, 'min_samples_split': 2, 'n_estimators': 100}
2025-01-03 22:20:31,952 - INFO - F1: 1.000 (+/-0.000) for {'max_depth': None, 'max_features': 'log2', 'min_samples_leaf': 4, 'min_samples_split': 2, 'n_estimators': 200}
2025-01-03 22:20:31,952 - INFO - F1: 1.000 (+/-0.000) for {'max_depth': None, 'max_features': 'log2', 'min_samples_leaf': 4, 'min_samples_split': 2, 'n_estimators': 300}
2025-01-03 22:20:31,952 - INFO - F1: 1.000 (+/-0.000) for {'max_depth': None, 'max_features': 'log2', 'min_samples_leaf': 4, 'min_samples_split': 5, 'n_estimators': 100}
2025-01-03 22:20:31,952 - INFO - F1: 1.000 (+/-0.000) for {'max_depth': None, 'max_features': 'log2', 'min_samples_leaf': 4, 'min_samples_split': 5, 'n_estimators': 200}
2025-01-03 22:20:31,952 - INFO - F1: 1.000 (+/-0.000) for {'max_depth': None, 'max_features': 'log2', 'min_samples_leaf': 4, 'min_samples_split': 5, 'n_estimators': 300}
2025-01-03 22:20:31,952 - INFO - F1: 0.620 (+/-0.697) for {'max_depth': None, 'max_features': 'log2', 'min_samples_leaf': 4, 'min_samples_split': 10, 'n_estimators': 100}
2025-01-03 22:20:31,953 - INFO - F1: 0.820 (+/-0.367) for {'max_depth': None, 'max_features': 'log2', 'min_samples_leaf': 4, 'min_samples_split': 10, 'n_estimators': 200}
2025-01-03 22:20:31,954 - INFO - F1: 0.900 (+/-0.400) for {'max_depth': None, 'max_features': 'log2', 'min_samples_leaf': 4, 'min_samples_split': 10, 'n_estimators': 300}
2025-01-03 22:20:31,954 - INFO - 
Best parameters found:
2025-01-03 22:20:31,954 - INFO - max_depth: 5
2025-01-03 22:20:31,954 - INFO - max_features: sqrt
2025-01-03 22:20:31,955 - INFO - min_samples_leaf: 1
2025-01-03 22:20:31,955 - INFO - min_samples_split: 2
2025-01-03 22:20:31,955 - INFO - n_estimators: 100
2025-01-03 22:20:31,955 - INFO - 
Best cross-validation scores:
2025-01-03 22:20:31,956 - INFO - f1: 1.0000 (+/- 0.0000)
2025-01-03 22:20:31,956 - INFO - precision: 1.0000 (+/- 0.0000)
2025-01-03 22:20:31,956 - INFO - recall: 1.0000 (+/- 0.0000)
2025-01-03 22:20:31,956 - INFO - accuracy: 1.0000 (+/- 0.0000)
2025-01-03 22:20:31,956 - INFO - 
Detailed cross-validation of best model:
2025-01-03 22:20:32,578 - INFO - 
Detailed Cross-Validation Metrics:
2025-01-03 22:20:32,579 - INFO - 
Accuracy:
2025-01-03 22:20:32,579 - INFO - Training: 1.0000 (+/- 0.0000)
2025-01-03 22:20:32,580 - INFO - Testing:  1.0000 (+/- 0.0000)
2025-01-03 22:20:32,580 - INFO - 
Precision:
2025-01-03 22:20:32,581 - INFO - Training: 1.0000 (+/- 0.0000)
2025-01-03 22:20:32,581 - INFO - Testing:  1.0000 (+/- 0.0000)
2025-01-03 22:20:32,581 - INFO - 
Recall:
2025-01-03 22:20:32,581 - INFO - Training: 1.0000 (+/- 0.0000)
2025-01-03 22:20:32,581 - INFO - Testing:  1.0000 (+/- 0.0000)
2025-01-03 22:20:32,582 - INFO - 
F1:
2025-01-03 22:20:32,583 - INFO - Training: 1.0000 (+/- 0.0000)
2025-01-03 22:20:32,583 - INFO - Testing:  1.0000 (+/- 0.0000)
2025-01-03 22:20:32,583 - INFO - 
Generating learning curve plot...
2025-01-03 22:20:34,262 - INFO - 
Evaluating on validation set:
2025-01-03 22:20:34,296 - INFO - 
Validation Set Performance:
2025-01-03 22:20:34,300 - INFO -               precision    recall  f1-score   support

           0       1.00      1.00      1.00         1
           1       1.00      1.00      1.00         2

    accuracy                           1.00         3
   macro avg       1.00      1.00      1.00         3
weighted avg       1.00      1.00      1.00         3

2025-01-03 22:20:34,301 - INFO - 
Detailed Validation Set Metrics:
2025-01-03 22:20:34,303 - INFO - Brier Score: 0.0476
2025-01-03 22:20:34,388 - INFO - Log Loss: 0.2133
2025-01-03 22:20:35,028 - INFO - 
Evaluating on test set:
2025-01-03 22:20:35,061 - INFO - 
Test Set Performance:
2025-01-03 22:20:35,065 - INFO -               precision    recall  f1-score   support

           0       1.00      1.00      1.00         2
           1       1.00      1.00      1.00         1

    accuracy                           1.00         3
   macro avg       1.00      1.00      1.00         3
weighted avg       1.00      1.00      1.00         3

2025-01-03 22:20:35,067 - INFO - 
Detailed Test Set Metrics:
2025-01-03 22:20:35,068 - INFO - Brier Score: 0.0118
2025-01-03 22:20:35,069 - INFO - Log Loss: 0.0900
2025-01-03 22:20:35,069 - INFO - 
Generating evaluation plots...
2025-01-03 22:20:35,687 - INFO - 
Feature Importance:
2025-01-03 22:20:35,688 - INFO -                  feature  importance
14             has_https    0.132500
25       domain_age_days    0.130000
34    ssl_is_self_signed    0.101133
1          domain_length    0.091444
3    special_chars_count    0.090000
32          ssl_is_valid    0.064667
21         has_mx_record    0.060033
0             url_length    0.058218
22        num_mx_records    0.057388
33        ssl_is_expired    0.050000
31        ssl_days_valid    0.040208
2            path_length    0.031944
27    days_to_expiration    0.017812
4           digits_count    0.014167
7               num_dots    0.010000
16      subdomain_length    0.010000
17            tld_length    0.010000
8            num_hyphens    0.007909
24        num_ns_records    0.007500
23         has_ns_record    0.005091
26       is_domain_young    0.003086
29         has_registrar    0.002500
19         num_a_records    0.002489
28      is_expiring_soon    0.001667
15    domain_token_count    0.000243
9        num_underscores    0.000000
10           num_percent    0.000000
18          has_a_record    0.000000
11  num_query_components    0.000000
12         num_ampersand    0.000000
13              num_hash    0.000000
6          is_ip_address    0.000000
5          has_at_symbol    0.000000
20         is_private_ip    0.000000
30        has_registrant    0.000000
2025-01-03 22:20:36,314 - INFO - 
Model saved to: models\phishing_detector_20250103_222036.joblib
2025-01-03 22:20:36,314 - INFO - Feature names saved to: models\feature_names_20250103_222036.joblib
