2025-01-03 23:53:42,976 - INFO - Logging setup complete. Log file: logs\phishing_detection_20250103_235342.log
2025-01-03 23:53:42,977 - INFO - Starting phishing URL detection model training...
2025-01-03 23:53:42,977 - INFO - Loading datasets...
2025-01-03 23:53:43,283 - INFO - Total phishing URLs available: 68227
2025-01-03 23:53:43,283 - INFO - Total legitimate URLs available: 31085
2025-01-03 23:53:43,292 - INFO - 
Using 100 URLs from each category for testing
2025-01-03 23:53:43,293 - INFO - 
Extracting features from URLs...
2025-01-03 23:53:50,689 - ERROR - Error trying to connect to socket: closing socket - [WinError 10061] No connection could be made because the target machine actively refused it
2025-01-03 23:53:52,237 - ERROR - Error trying to connect to socket: closing socket - [WinError 10061] No connection could be made because the target machine actively refused it
2025-01-03 23:54:32,094 - ERROR - Error trying to connect to socket: closing socket - [WinError 10054] An existing connection was forcibly closed by the remote host
2025-01-03 23:54:33,168 - ERROR - Error trying to connect to socket: closing socket - [WinError 10054] An existing connection was forcibly closed by the remote host
2025-01-03 23:54:46,457 - INFO - Processed 100/100 URLs
2025-01-03 23:54:46,484 - INFO - Processed 100/100 URLs
2025-01-03 23:54:46,485 - INFO - Processed 200 phishing URLs
2025-01-03 23:54:46,486 - INFO - Processed 200 legitimate URLs
2025-01-03 23:54:46,487 - INFO - 
Feature statistics:
2025-01-03 23:54:46,493 - INFO -         url_length  domain_length      has_ip    domain_age  has_dns_record       label
count   400.000000     400.000000  400.000000    400.000000      400.000000  400.000000
mean     41.725000      10.625000    0.005000   1277.015000        0.495000    0.500000
std     154.395642      13.343143    0.070622   2724.685417        0.500601    0.500626
min       6.000000       0.000000    0.000000     -1.000000        0.000000    0.000000
25%      14.000000       0.000000    0.000000     -1.000000        0.000000    0.000000
50%      22.000000       2.000000    0.000000     -1.000000        0.000000    0.500000
75%      35.000000      18.250000    0.000000    215.500000        1.000000    1.000000
max    2165.000000      57.000000    1.000000  13927.000000        1.000000    1.000000
2025-01-03 23:54:46,505 - INFO - 
Label distribution:
2025-01-03 23:54:46,506 - INFO - label
1    0.5
0    0.5
Name: proportion, dtype: float64
2025-01-03 23:54:46,509 - INFO - 
Splitting data into train, validation, and test sets...
2025-01-03 23:54:51,706 - INFO - Best parameters found: {'max_depth': 10, 'min_samples_leaf': 1, 'min_samples_split': 2, 'n_estimators': 100}
2025-01-03 23:54:51,706 - INFO - Best cross-validation score: 1.000000
2025-01-03 23:54:51,707 - INFO - 
Generating learning curve plot...
2025-01-03 23:54:52,811 - INFO - 
Evaluating on validation set:
2025-01-03 23:54:52,841 - INFO - 
Validation Set Performance:
2025-01-03 23:54:52,846 - INFO -               precision    recall  f1-score   support

           0       1.00      1.00      1.00        31
           1       1.00      1.00      1.00        30

    accuracy                           1.00        61
   macro avg       1.00      1.00      1.00        61
weighted avg       1.00      1.00      1.00        61

2025-01-03 23:54:52,846 - INFO - 
Detailed Validation Set Metrics:
2025-01-03 23:54:52,847 - INFO - Brier Score: 0.0005
2025-01-03 23:54:52,848 - INFO - Log Loss: 0.0049
2025-01-03 23:54:53,377 - INFO - 
Evaluating on test set:
2025-01-03 23:54:53,407 - INFO - 
Test Set Performance:
2025-01-03 23:54:53,410 - INFO -               precision    recall  f1-score   support

           0       1.00      1.00      1.00        60
           1       1.00      1.00      1.00        60

    accuracy                           1.00       120
   macro avg       1.00      1.00      1.00       120
weighted avg       1.00      1.00      1.00       120

2025-01-03 23:54:53,411 - INFO - 
Detailed Test Set Metrics:
2025-01-03 23:54:53,411 - INFO - Brier Score: 0.0022
2025-01-03 23:54:53,413 - INFO - Log Loss: 0.0099
2025-01-03 23:54:53,413 - INFO - 
Generating evaluation plots...
2025-01-03 23:54:53,964 - INFO - 
Feature Importance:
2025-01-03 23:54:53,964 - INFO -                    feature    importance
9           has_dns_record  3.259739e-01
7                 is_https  2.315252e-01
1            domain_length  2.290074e-01
0               url_length  1.154315e-01
6  has_multiple_subdomains  6.597824e-02
8               domain_age  2.865519e-02
5                 has_dash  2.962321e-03
2                   has_ip  4.663480e-04
3            has_at_symbol  2.061209e-16
4         has_double_slash  0.000000e+00
2025-01-03 23:54:54,213 - INFO - 
Model saved to: models\phishing_detector_20250103_235454.joblib
2025-01-03 23:54:54,214 - INFO - Feature names saved to: models\feature_names_20250103_235454.joblib
